// Jest Snapshot v1, https://goo.gl/fbAQLP

exports[`snapshot test 1`] = `"<div id=\\"app\\"><h1>hello</h1></div>"`;
